main.c:130:5:main	8	static
main.c:241:6:SystemClock_Config	96	static
main.c:288:13:MX_NVIC_Init	8	static
main.c:303:13:MX_USART2_UART_Init	8	static
main.c:338:13:MX_GPIO_Init	48	static
main.c:368:6:HAL_UART_RxCpltCallback	16	static
main.c:378:6:HAL_UART_TxCpltCallback	16	static
main.c:387:6:HAL_GPIO_EXTI_Callback	16	static
main.c:404:6:StartUARTRx	48	static
main.c:496:6:StartTTaskHandler	40	static
main.c:669:6:StartButTask	16	static
main.c:706:6:StartLedBlinkTask	24	static
main.c:728:6:HAL_TIM_PeriodElapsedCallback	16	static
main.c:745:6:Error_Handler	4	static,ignoring_inline_asm
