main.c:125:5:main	8	static
main.c:232:6:SystemClock_Config	96	static
main.c:279:13:MX_NVIC_Init	8	static
main.c:291:13:MX_USART2_UART_Init	8	static
main.c:326:13:MX_GPIO_Init	48	static
main.c:356:6:HAL_UART_RxCpltCallback	16	static
main.c:366:6:HAL_UART_TxCpltCallback	16	static
main.c:386:6:StartUARTRx	48	static
main.c:467:6:StartTTaskHandler	40	static
main.c:560:6:StartButTask	16	static
main.c:578:6:StartLedBlinkTask	24	static
main.c:600:6:HAL_TIM_PeriodElapsedCallback	16	static
main.c:617:6:Error_Handler	4	static,ignoring_inline_asm
